Archive member included because of file (symbol)

/usr/lib/gcc/avr/4.5.3/avr4/libgcc.a(_udivmodhi4.o)
                              obj/Debug/src/main.o (__udivmodhi4)
/usr/lib/gcc/avr/4.5.3/avr4/libgcc.a(_divmodhi4.o)
                              obj/Debug/src/main.o (__divmodhi4)
/usr/lib/gcc/avr/4.5.3/avr4/libgcc.a(_exit.o)
                              /usr/lib/gcc/avr/4.5.3/../../../avr/lib/avr4/crtm8.o (exit)
/usr/lib/gcc/avr/4.5.3/avr4/libgcc.a(_copy_data.o)
                              obj/Debug/src/main.o (__do_copy_data)
/usr/lib/gcc/avr/4.5.3/avr4/libgcc.a(_clear_bss.o)
                              obj/Debug/src/main.o (__do_clear_bss)
/usr/lib/gcc/avr/4.5.3/avr4/libgcc.a(_fixunssfsi.o)
                              obj/Debug/src/main.o (__fixunssfsi)
/usr/lib/gcc/avr/4.5.3/avr4/libgcc.a(_addsub_sf.o)
                              /usr/lib/gcc/avr/4.5.3/avr4/libgcc.a(_fixunssfsi.o) (__subsf3)
/usr/lib/gcc/avr/4.5.3/avr4/libgcc.a(_mul_sf.o)
                              obj/Debug/src/main.o (__mulsf3)
/usr/lib/gcc/avr/4.5.3/avr4/libgcc.a(_gt_sf.o)
                              obj/Debug/src/main.o (__gtsf2)
/usr/lib/gcc/avr/4.5.3/avr4/libgcc.a(_ge_sf.o)
                              /usr/lib/gcc/avr/4.5.3/avr4/libgcc.a(_fixunssfsi.o) (__gesf2)
/usr/lib/gcc/avr/4.5.3/avr4/libgcc.a(_lt_sf.o)
                              obj/Debug/src/main.o (__ltsf2)
/usr/lib/gcc/avr/4.5.3/avr4/libgcc.a(_sf_to_si.o)
                              /usr/lib/gcc/avr/4.5.3/avr4/libgcc.a(_fixunssfsi.o) (__fixsfsi)
/usr/lib/gcc/avr/4.5.3/avr4/libgcc.a(_thenan_sf.o)
                              /usr/lib/gcc/avr/4.5.3/avr4/libgcc.a(_addsub_sf.o) (__thenan_sf)
/usr/lib/gcc/avr/4.5.3/avr4/libgcc.a(_prologue.o)
                              /usr/lib/gcc/avr/4.5.3/avr4/libgcc.a(_addsub_sf.o) (__prologue_saves__)
/usr/lib/gcc/avr/4.5.3/avr4/libgcc.a(_epilogue.o)
                              /usr/lib/gcc/avr/4.5.3/avr4/libgcc.a(_addsub_sf.o) (__epilogue_restores__)
/usr/lib/gcc/avr/4.5.3/avr4/libgcc.a(_pack_sf.o)
                              /usr/lib/gcc/avr/4.5.3/avr4/libgcc.a(_addsub_sf.o) (__pack_f)
/usr/lib/gcc/avr/4.5.3/avr4/libgcc.a(_unpack_sf.o)
                              /usr/lib/gcc/avr/4.5.3/avr4/libgcc.a(_addsub_sf.o) (__unpack_f)
/usr/lib/gcc/avr/4.5.3/avr4/libgcc.a(_fpcmp_parts_sf.o)
                              /usr/lib/gcc/avr/4.5.3/avr4/libgcc.a(_gt_sf.o) (__fpcmp_parts_f)

Allocating common symbols
Common symbol       size              file

g_buffer            0x100             obj/Debug/src/main.o
usbTxBuf            0xb               obj/Debug/usbdrv/usbdrv.o
usbDeviceAddr       0x1               obj/Debug/usbdrv/usbdrv.o
usbRxToken          0x1               obj/Debug/usbdrv/usbdrv.o
usbInputBufOffset   0x1               obj/Debug/usbdrv/usbdrv.o
usbMsgPtr           0x2               obj/Debug/usbdrv/usbdrv.o
usbRxLen            0x1               obj/Debug/usbdrv/usbdrv.o
usbNewDeviceAddr    0x1               obj/Debug/usbdrv/usbdrv.o
usbCurrentTok       0x1               obj/Debug/usbdrv/usbdrv.o
usbConfiguration    0x1               obj/Debug/usbdrv/usbdrv.o
usbRxBuf            0x16              obj/Debug/usbdrv/usbdrv.o

Memory Configuration

Name             Origin             Length             Attributes
text             0x00000000         0x00002000         xr
data             0x00800060         0x0000ffa0         rw !x
eeprom           0x00810000         0x00010000         rw !x
fuse             0x00820000         0x00000400         rw !x
lock             0x00830000         0x00000400         rw !x
signature        0x00840000         0x00000400         rw !x
*default*        0x00000000         0xffffffff

Linker script and memory map

LOAD /usr/lib/gcc/avr/4.5.3/../../../avr/lib/avr4/crtm8.o
LOAD obj/Debug/src/main.o
LOAD obj/Debug/usbdrv/oddebug.o
LOAD obj/Debug/usbdrv/usbdrv.o
LOAD obj/Debug/usbdrv/usbdrvasm.o
LOAD obj/Debug/usbdrv/usbdrvasm.o
LOAD /usr/lib/gcc/avr/4.5.3/avr4/libgcc.a
LOAD /usr/lib/gcc/avr/4.5.3/../../../avr/lib/avr4/libm.a
LOAD /usr/lib/gcc/avr/4.5.3/avr4/libgcc.a
LOAD /usr/lib/gcc/avr/4.5.3/../../../avr/lib/avr4/libc.a
LOAD /usr/lib/gcc/avr/4.5.3/avr4/libgcc.a

.hash
 *(.hash)

.dynsym
 *(.dynsym)

.dynstr
 *(.dynstr)

.gnu.version
 *(.gnu.version)

.gnu.version_d
 *(.gnu.version_d)

.gnu.version_r
 *(.gnu.version_r)

.rel.init
 *(.rel.init)

.rela.init
 *(.rela.init)

.rel.text
 *(.rel.text)
 *(.rel.text.*)
 *(.rel.gnu.linkonce.t*)

.rela.text
 *(.rela.text)
 *(.rela.text.*)
 *(.rela.gnu.linkonce.t*)

.rel.fini
 *(.rel.fini)

.rela.fini
 *(.rela.fini)

.rel.rodata
 *(.rel.rodata)
 *(.rel.rodata.*)
 *(.rel.gnu.linkonce.r*)

.rela.rodata
 *(.rela.rodata)
 *(.rela.rodata.*)
 *(.rela.gnu.linkonce.r*)

.rel.data
 *(.rel.data)
 *(.rel.data.*)
 *(.rel.gnu.linkonce.d*)

.rela.data
 *(.rela.data)
 *(.rela.data.*)
 *(.rela.gnu.linkonce.d*)

.rel.ctors
 *(.rel.ctors)

.rela.ctors
 *(.rela.ctors)

.rel.dtors
 *(.rel.dtors)

.rela.dtors
 *(.rela.dtors)

.rel.got
 *(.rel.got)

.rela.got
 *(.rela.got)

.rel.bss
 *(.rel.bss)

.rela.bss
 *(.rela.bss)

.rel.plt
 *(.rel.plt)

.rela.plt
 *(.rela.plt)

.text           0x00000000     0x1b4c
 *(.vectors)
 .vectors       0x00000000       0x26 /usr/lib/gcc/avr/4.5.3/../../../avr/lib/avr4/crtm8.o
                0x00000000                __vectors
                0x00000000                __vector_default
 *(.vectors)
 *(.progmem.gcc*)
 *(.progmem*)
 .progmem.data  0x00000026       0x5a obj/Debug/usbdrv/usbdrv.o
                0x00000026                usbDescriptorString0
                0x0000002a                usbDescriptorStringVendor
                0x00000044                usbDescriptorStringDevice
                0x0000005c                usbDescriptorDevice
                0x0000006e                usbDescriptorConfiguration
                0x00000080                . = ALIGN (0x2)
                0x00000080                __trampolines_start = .
 *(.trampolines)
 .trampolines   0x00000080        0x0 linker stubs
 *(.trampolines*)
                0x00000080                __trampolines_end = .
 *(.jumptables)
 *(.jumptables*)
 *(.lowtext)
 *(.lowtext*)
                0x00000080                __ctors_start = .
 *(.ctors)
                0x00000080                __ctors_end = .
                0x00000080                __dtors_start = .
 *(.dtors)
                0x00000080                __dtors_end = .
 SORT(*)(.ctors)
 SORT(*)(.dtors)
 *(.init0)
 .init0         0x00000080        0x0 /usr/lib/gcc/avr/4.5.3/../../../avr/lib/avr4/crtm8.o
                0x00000080                __init
 *(.init0)
 *(.init1)
 *(.init1)
 *(.init2)
 .init2         0x00000080        0xc /usr/lib/gcc/avr/4.5.3/../../../avr/lib/avr4/crtm8.o
 *(.init2)
 *(.init3)
 *(.init3)
 *(.init4)
 .init4         0x0000008c       0x16 /usr/lib/gcc/avr/4.5.3/avr4/libgcc.a(_copy_data.o)
                0x0000008c                __do_copy_data
 .init4         0x000000a2       0x10 /usr/lib/gcc/avr/4.5.3/avr4/libgcc.a(_clear_bss.o)
                0x000000a2                __do_clear_bss
 *(.init4)
 *(.init5)
 *(.init5)
 *(.init6)
 *(.init6)
 *(.init7)
 *(.init7)
 *(.init8)
 *(.init8)
 *(.init9)
 .init9         0x000000b2        0x4 /usr/lib/gcc/avr/4.5.3/../../../avr/lib/avr4/crtm8.o
 *(.init9)
 *(.text)
 .text          0x000000b6        0x2 /usr/lib/gcc/avr/4.5.3/../../../avr/lib/avr4/crtm8.o
                0x000000b6                __vector_12
                0x000000b6                __bad_interrupt
                0x000000b6                __vector_3
                0x000000b6                __vector_11
                0x000000b6                __vector_13
                0x000000b6                __vector_17
                0x000000b6                __vector_7
                0x000000b6                __vector_5
                0x000000b6                __vector_4
                0x000000b6                __vector_9
                0x000000b6                __vector_2
                0x000000b6                __vector_15
                0x000000b6                __vector_8
                0x000000b6                __vector_10
                0x000000b6                __vector_16
                0x000000b6                __vector_18
 .text          0x000000b8      0x60e obj/Debug/src/main.o
                0x000000b8                main
                0x00000246                usbFunctionSetup
                0x000002cc                setLed
                0x000002f8                initAdc
                0x00000362                initTimer
                0x000003ba                setTimer
                0x0000041a                queryBuffer
                0x000004e0                __vector_6
                0x000005ec                __vector_14
 .text          0x000006c6        0x0 obj/Debug/usbdrv/oddebug.o
 .text          0x000006c6      0x482 obj/Debug/usbdrv/usbdrv.o
                0x00000a7c                usbPoll
                0x00000b14                usbInit
 .text          0x00000b48      0x28c obj/Debug/usbdrv/usbdrvasm.o
                0x00000b48                usbCrc16
                0x00000b72                usbCrc16Append
                0x00000b7a                __vector_1
 .text          0x00000dd4      0x28c obj/Debug/usbdrv/usbdrvasm.o
 .text          0x00001060        0x0 /usr/lib/gcc/avr/4.5.3/avr4/libgcc.a(_udivmodhi4.o)
 .text          0x00001060        0x0 /usr/lib/gcc/avr/4.5.3/avr4/libgcc.a(_divmodhi4.o)
 .text          0x00001060        0x0 /usr/lib/gcc/avr/4.5.3/avr4/libgcc.a(_exit.o)
 .text          0x00001060        0x0 /usr/lib/gcc/avr/4.5.3/avr4/libgcc.a(_copy_data.o)
 .text          0x00001060        0x0 /usr/lib/gcc/avr/4.5.3/avr4/libgcc.a(_clear_bss.o)
 .text          0x00001060       0x50 /usr/lib/gcc/avr/4.5.3/avr4/libgcc.a(_fixunssfsi.o)
                0x00001060                __fixunssfsi
 .text          0x000010b0      0x334 /usr/lib/gcc/avr/4.5.3/avr4/libgcc.a(_addsub_sf.o)
                0x00001340                __addsf3
                0x0000138e                __subsf3
 .text          0x000013e4      0x1ea /usr/lib/gcc/avr/4.5.3/avr4/libgcc.a(_mul_sf.o)
                0x000013e4                __mulsf3
 .text          0x000015ce       0x56 /usr/lib/gcc/avr/4.5.3/avr4/libgcc.a(_gt_sf.o)
                0x000015ce                __gtsf2
 .text          0x00001624       0x56 /usr/lib/gcc/avr/4.5.3/avr4/libgcc.a(_ge_sf.o)
                0x00001624                __gesf2
 .text          0x0000167a       0x56 /usr/lib/gcc/avr/4.5.3/avr4/libgcc.a(_lt_sf.o)
                0x0000167a                __ltsf2
 .text          0x000016d0       0x9e /usr/lib/gcc/avr/4.5.3/avr4/libgcc.a(_sf_to_si.o)
                0x000016d0                __fixsfsi
 .text          0x0000176e        0x0 /usr/lib/gcc/avr/4.5.3/avr4/libgcc.a(_thenan_sf.o)
 .text          0x0000176e        0x0 /usr/lib/gcc/avr/4.5.3/avr4/libgcc.a(_prologue.o)
 .text          0x0000176e        0x0 /usr/lib/gcc/avr/4.5.3/avr4/libgcc.a(_epilogue.o)
 .text          0x0000176e      0x19a /usr/lib/gcc/avr/4.5.3/avr4/libgcc.a(_pack_sf.o)
                0x0000176e                __pack_f
 .text          0x00001908       0xd2 /usr/lib/gcc/avr/4.5.3/avr4/libgcc.a(_unpack_sf.o)
                0x00001908                __unpack_f
 .text          0x000019da       0xb2 /usr/lib/gcc/avr/4.5.3/avr4/libgcc.a(_fpcmp_parts_sf.o)
                0x000019da                __fpcmp_parts_f
                0x00001a8c                . = ALIGN (0x2)
 *(.text.*)
 .text.libgcc   0x00001a8c       0x28 /usr/lib/gcc/avr/4.5.3/avr4/libgcc.a(_udivmodhi4.o)
                0x00001a8c                __udivmodhi4
 .text.libgcc   0x00001ab4       0x26 /usr/lib/gcc/avr/4.5.3/avr4/libgcc.a(_divmodhi4.o)
                0x00001ab4                __divmodhi4
                0x00001ab4                _div
 .text.libgcc   0x00001ada        0x0 /usr/lib/gcc/avr/4.5.3/avr4/libgcc.a(_exit.o)
 .text.libgcc   0x00001ada        0x0 /usr/lib/gcc/avr/4.5.3/avr4/libgcc.a(_copy_data.o)
 .text.libgcc   0x00001ada        0x0 /usr/lib/gcc/avr/4.5.3/avr4/libgcc.a(_clear_bss.o)
 .text.libgcc   0x00001ada       0x38 /usr/lib/gcc/avr/4.5.3/avr4/libgcc.a(_prologue.o)
                0x00001ada                __prologue_saves__
 .text.libgcc   0x00001b12       0x36 /usr/lib/gcc/avr/4.5.3/avr4/libgcc.a(_epilogue.o)
                0x00001b12                __epilogue_restores__
                0x00001b48                . = ALIGN (0x2)
 *(.fini9)
 .fini9         0x00001b48        0x0 /usr/lib/gcc/avr/4.5.3/avr4/libgcc.a(_exit.o)
                0x00001b48                exit
                0x00001b48                _exit
 *(.fini9)
 *(.fini8)
 *(.fini8)
 *(.fini7)
 *(.fini7)
 *(.fini6)
 *(.fini6)
 *(.fini5)
 *(.fini5)
 *(.fini4)
 *(.fini4)
 *(.fini3)
 *(.fini3)
 *(.fini2)
 *(.fini2)
 *(.fini1)
 *(.fini1)
 *(.fini0)
 .fini0         0x00001b48        0x4 /usr/lib/gcc/avr/4.5.3/avr4/libgcc.a(_exit.o)
 *(.fini0)
                0x00001b4c                _etext = .

.data           0x00800060        0xc load address 0x00001b4c
                0x00800060                PROVIDE (__data_start, .)
 *(.data)
 .data          0x00800060        0x0 /usr/lib/gcc/avr/4.5.3/../../../avr/lib/avr4/crtm8.o
 .data          0x00800060        0x1 obj/Debug/src/main.o
                0x00800060                g_timeout
 .data          0x00800061        0x0 obj/Debug/usbdrv/oddebug.o
 .data          0x00800061        0x2 obj/Debug/usbdrv/usbdrv.o
                0x00800061                usbTxLen
 .data          0x00800063        0x0 obj/Debug/usbdrv/usbdrvasm.o
 .data          0x00800063        0x0 obj/Debug/usbdrv/usbdrvasm.o
 .data          0x00800063        0x0 /usr/lib/gcc/avr/4.5.3/avr4/libgcc.a(_udivmodhi4.o)
 .data          0x00800063        0x0 /usr/lib/gcc/avr/4.5.3/avr4/libgcc.a(_divmodhi4.o)
 .data          0x00800063        0x0 /usr/lib/gcc/avr/4.5.3/avr4/libgcc.a(_exit.o)
 .data          0x00800063        0x0 /usr/lib/gcc/avr/4.5.3/avr4/libgcc.a(_copy_data.o)
 .data          0x00800063        0x0 /usr/lib/gcc/avr/4.5.3/avr4/libgcc.a(_clear_bss.o)
 .data          0x00800063        0x0 /usr/lib/gcc/avr/4.5.3/avr4/libgcc.a(_fixunssfsi.o)
 .data          0x00800063        0x0 /usr/lib/gcc/avr/4.5.3/avr4/libgcc.a(_addsub_sf.o)
 .data          0x00800063        0x0 /usr/lib/gcc/avr/4.5.3/avr4/libgcc.a(_mul_sf.o)
 .data          0x00800063        0x0 /usr/lib/gcc/avr/4.5.3/avr4/libgcc.a(_gt_sf.o)
 .data          0x00800063        0x0 /usr/lib/gcc/avr/4.5.3/avr4/libgcc.a(_ge_sf.o)
 .data          0x00800063        0x0 /usr/lib/gcc/avr/4.5.3/avr4/libgcc.a(_lt_sf.o)
 .data          0x00800063        0x0 /usr/lib/gcc/avr/4.5.3/avr4/libgcc.a(_sf_to_si.o)
 .data          0x00800063        0x8 /usr/lib/gcc/avr/4.5.3/avr4/libgcc.a(_thenan_sf.o)
                0x00800063                __thenan_sf
 .data          0x0080006b        0x0 /usr/lib/gcc/avr/4.5.3/avr4/libgcc.a(_prologue.o)
 .data          0x0080006b        0x0 /usr/lib/gcc/avr/4.5.3/avr4/libgcc.a(_epilogue.o)
 .data          0x0080006b        0x0 /usr/lib/gcc/avr/4.5.3/avr4/libgcc.a(_pack_sf.o)
 .data          0x0080006b        0x0 /usr/lib/gcc/avr/4.5.3/avr4/libgcc.a(_unpack_sf.o)
 .data          0x0080006b        0x0 /usr/lib/gcc/avr/4.5.3/avr4/libgcc.a(_fpcmp_parts_sf.o)
 *(.data*)
 *(.rodata)
 *(.rodata*)
 *(.gnu.linkonce.d*)
                0x0080006c                . = ALIGN (0x2)
 *fill*         0x0080006b        0x1 00
                0x0080006c                _edata = .
                0x0080006c                PROVIDE (__data_end, .)

.bss            0x0080006c      0x13a
                0x0080006c                PROVIDE (__bss_start, .)
 *(.bss)
 .bss           0x0080006c        0x0 /usr/lib/gcc/avr/4.5.3/../../../avr/lib/avr4/crtm8.o
 .bss           0x0080006c        0xf obj/Debug/src/main.o
                0x0080006c                g_accum
                0x0080006e                g_accumCnt
                0x00800070                g_to
                0x00800071                g_from
                0x00800072                g_cnt
 .bss           0x0080007b        0x0 obj/Debug/usbdrv/oddebug.o
 .bss           0x0080007b        0x1 obj/Debug/usbdrv/usbdrv.o
 .bss           0x0080007c        0x0 obj/Debug/usbdrv/usbdrvasm.o
 .bss           0x0080007c        0x0 obj/Debug/usbdrv/usbdrvasm.o
 .bss           0x0080007c        0x0 /usr/lib/gcc/avr/4.5.3/avr4/libgcc.a(_udivmodhi4.o)
 .bss           0x0080007c        0x0 /usr/lib/gcc/avr/4.5.3/avr4/libgcc.a(_divmodhi4.o)
 .bss           0x0080007c        0x0 /usr/lib/gcc/avr/4.5.3/avr4/libgcc.a(_exit.o)
 .bss           0x0080007c        0x0 /usr/lib/gcc/avr/4.5.3/avr4/libgcc.a(_copy_data.o)
 .bss           0x0080007c        0x0 /usr/lib/gcc/avr/4.5.3/avr4/libgcc.a(_clear_bss.o)
 .bss           0x0080007c        0x0 /usr/lib/gcc/avr/4.5.3/avr4/libgcc.a(_fixunssfsi.o)
 .bss           0x0080007c        0x0 /usr/lib/gcc/avr/4.5.3/avr4/libgcc.a(_addsub_sf.o)
 .bss           0x0080007c        0x0 /usr/lib/gcc/avr/4.5.3/avr4/libgcc.a(_mul_sf.o)
 .bss           0x0080007c        0x0 /usr/lib/gcc/avr/4.5.3/avr4/libgcc.a(_gt_sf.o)
 .bss           0x0080007c        0x0 /usr/lib/gcc/avr/4.5.3/avr4/libgcc.a(_ge_sf.o)
 .bss           0x0080007c        0x0 /usr/lib/gcc/avr/4.5.3/avr4/libgcc.a(_lt_sf.o)
 .bss           0x0080007c        0x0 /usr/lib/gcc/avr/4.5.3/avr4/libgcc.a(_sf_to_si.o)
 .bss           0x0080007c        0x0 /usr/lib/gcc/avr/4.5.3/avr4/libgcc.a(_thenan_sf.o)
 .bss           0x0080007c        0x0 /usr/lib/gcc/avr/4.5.3/avr4/libgcc.a(_prologue.o)
 .bss           0x0080007c        0x0 /usr/lib/gcc/avr/4.5.3/avr4/libgcc.a(_epilogue.o)
 .bss           0x0080007c        0x0 /usr/lib/gcc/avr/4.5.3/avr4/libgcc.a(_pack_sf.o)
 .bss           0x0080007c        0x0 /usr/lib/gcc/avr/4.5.3/avr4/libgcc.a(_unpack_sf.o)
 .bss           0x0080007c        0x0 /usr/lib/gcc/avr/4.5.3/avr4/libgcc.a(_fpcmp_parts_sf.o)
 *(.bss*)
 *(COMMON)
 COMMON         0x0080007c      0x100 obj/Debug/src/main.o
                0x0080007c                g_buffer
 COMMON         0x0080017c       0x2a obj/Debug/usbdrv/usbdrv.o
                0x0080017c                usbTxBuf
                0x00800187                usbDeviceAddr
                0x00800188                usbRxToken
                0x00800189                usbInputBufOffset
                0x0080018a                usbMsgPtr
                0x0080018c                usbRxLen
                0x0080018d                usbNewDeviceAddr
                0x0080018e                usbCurrentTok
                0x0080018f                usbConfiguration
                0x00800190                usbRxBuf
                0x008001a6                PROVIDE (__bss_end, .)
                0x00001b4c                __data_load_start = LOADADDR (.data)
                0x00001b58                __data_load_end = (__data_load_start + SIZEOF (.data))

.noinit         0x008001a6        0x0
                0x008001a6                PROVIDE (__noinit_start, .)
 *(.noinit*)
                0x008001a6                PROVIDE (__noinit_end, .)
                0x008001a6                _end = .
                0x008001a6                PROVIDE (__heap_start, .)

.eeprom         0x00810000        0x0
 *(.eeprom*)
                0x00810000                __eeprom_end = .

.fuse
 *(.fuse)
 *(.lfuse)
 *(.hfuse)
 *(.efuse)

.lock
 *(.lock*)

.signature
 *(.signature*)

.stab           0x00000000     0x20f4
 *(.stab)
 .stab          0x00000000      0x6cc /usr/lib/gcc/avr/4.5.3/../../../avr/lib/avr4/crtm8.o
 .stab          0x000006cc      0xc18 obj/Debug/src/main.o
                                0xc24 (size before relaxing)
 .stab          0x000012e4      0x174 obj/Debug/usbdrv/oddebug.o
                                0x3e4 (size before relaxing)
 .stab          0x00001458      0xc9c obj/Debug/usbdrv/usbdrv.o
                                0xf6c (size before relaxing)

.stabstr        0x00000000     0x11cd
 *(.stabstr)
 .stabstr       0x00000000     0x11cd /usr/lib/gcc/avr/4.5.3/../../../avr/lib/avr4/crtm8.o

.stab.excl
 *(.stab.excl)

.stab.exclstr
 *(.stab.exclstr)

.stab.index
 *(.stab.index)

.stab.indexstr
 *(.stab.indexstr)

.comment
 *(.comment)

.debug
 *(.debug)

.line
 *(.line)

.debug_srcinfo
 *(.debug_srcinfo)

.debug_sfnames
 *(.debug_sfnames)

.debug_aranges
 *(.debug_aranges)

.debug_pubnames
 *(.debug_pubnames)

.debug_info
 *(.debug_info)
 *(.gnu.linkonce.wi.*)

.debug_abbrev
 *(.debug_abbrev)

.debug_line
 *(.debug_line)

.debug_frame
 *(.debug_frame)

.debug_str
 *(.debug_str)

.debug_loc
 *(.debug_loc)

.debug_macinfo
 *(.debug_macinfo)
OUTPUT(bin/Debug/firmware.elf elf32-avr)
LOAD linker stubs

Cross Reference Table

Symbol                                            File
__addsf3                                          /usr/lib/gcc/avr/4.5.3/avr4/libgcc.a(_addsub_sf.o)
__bad_interrupt                                   /usr/lib/gcc/avr/4.5.3/../../../avr/lib/avr4/crtm8.o
__bss_end                                         /usr/lib/gcc/avr/4.5.3/avr4/libgcc.a(_clear_bss.o)
__bss_start                                       /usr/lib/gcc/avr/4.5.3/avr4/libgcc.a(_clear_bss.o)
__data_end                                        /usr/lib/gcc/avr/4.5.3/avr4/libgcc.a(_copy_data.o)
__data_load_start                                 /usr/lib/gcc/avr/4.5.3/avr4/libgcc.a(_copy_data.o)
__data_start                                      /usr/lib/gcc/avr/4.5.3/avr4/libgcc.a(_copy_data.o)
__divmodhi4                                       /usr/lib/gcc/avr/4.5.3/avr4/libgcc.a(_divmodhi4.o)
                                                  obj/Debug/src/main.o
__do_clear_bss                                    /usr/lib/gcc/avr/4.5.3/avr4/libgcc.a(_clear_bss.o)
                                                  obj/Debug/usbdrv/usbdrv.o
                                                  obj/Debug/src/main.o
__do_copy_data                                    /usr/lib/gcc/avr/4.5.3/avr4/libgcc.a(_copy_data.o)
                                                  /usr/lib/gcc/avr/4.5.3/avr4/libgcc.a(_thenan_sf.o)
                                                  obj/Debug/usbdrv/usbdrv.o
                                                  obj/Debug/src/main.o
__epilogue_restores__                             /usr/lib/gcc/avr/4.5.3/avr4/libgcc.a(_epilogue.o)
                                                  /usr/lib/gcc/avr/4.5.3/avr4/libgcc.a(_pack_sf.o)
                                                  /usr/lib/gcc/avr/4.5.3/avr4/libgcc.a(_sf_to_si.o)
                                                  /usr/lib/gcc/avr/4.5.3/avr4/libgcc.a(_lt_sf.o)
                                                  /usr/lib/gcc/avr/4.5.3/avr4/libgcc.a(_ge_sf.o)
                                                  /usr/lib/gcc/avr/4.5.3/avr4/libgcc.a(_gt_sf.o)
                                                  /usr/lib/gcc/avr/4.5.3/avr4/libgcc.a(_mul_sf.o)
                                                  /usr/lib/gcc/avr/4.5.3/avr4/libgcc.a(_addsub_sf.o)
__fixsfsi                                         /usr/lib/gcc/avr/4.5.3/avr4/libgcc.a(_sf_to_si.o)
                                                  /usr/lib/gcc/avr/4.5.3/avr4/libgcc.a(_fixunssfsi.o)
__fixunssfsi                                      /usr/lib/gcc/avr/4.5.3/avr4/libgcc.a(_fixunssfsi.o)
                                                  obj/Debug/src/main.o
__fpcmp_parts_f                                   /usr/lib/gcc/avr/4.5.3/avr4/libgcc.a(_fpcmp_parts_sf.o)
                                                  /usr/lib/gcc/avr/4.5.3/avr4/libgcc.a(_lt_sf.o)
                                                  /usr/lib/gcc/avr/4.5.3/avr4/libgcc.a(_ge_sf.o)
                                                  /usr/lib/gcc/avr/4.5.3/avr4/libgcc.a(_gt_sf.o)
__gesf2                                           /usr/lib/gcc/avr/4.5.3/avr4/libgcc.a(_ge_sf.o)
                                                  /usr/lib/gcc/avr/4.5.3/avr4/libgcc.a(_fixunssfsi.o)
__gtsf2                                           /usr/lib/gcc/avr/4.5.3/avr4/libgcc.a(_gt_sf.o)
                                                  obj/Debug/src/main.o
__heap_end                                        /usr/lib/gcc/avr/4.5.3/../../../avr/lib/avr4/crtm8.o
__init                                            /usr/lib/gcc/avr/4.5.3/../../../avr/lib/avr4/crtm8.o
__ltsf2                                           /usr/lib/gcc/avr/4.5.3/avr4/libgcc.a(_lt_sf.o)
                                                  obj/Debug/src/main.o
__mulsf3                                          /usr/lib/gcc/avr/4.5.3/avr4/libgcc.a(_mul_sf.o)
                                                  obj/Debug/src/main.o
__pack_f                                          /usr/lib/gcc/avr/4.5.3/avr4/libgcc.a(_pack_sf.o)
                                                  /usr/lib/gcc/avr/4.5.3/avr4/libgcc.a(_mul_sf.o)
                                                  /usr/lib/gcc/avr/4.5.3/avr4/libgcc.a(_addsub_sf.o)
__prologue_saves__                                /usr/lib/gcc/avr/4.5.3/avr4/libgcc.a(_prologue.o)
                                                  /usr/lib/gcc/avr/4.5.3/avr4/libgcc.a(_sf_to_si.o)
                                                  /usr/lib/gcc/avr/4.5.3/avr4/libgcc.a(_lt_sf.o)
                                                  /usr/lib/gcc/avr/4.5.3/avr4/libgcc.a(_ge_sf.o)
                                                  /usr/lib/gcc/avr/4.5.3/avr4/libgcc.a(_gt_sf.o)
                                                  /usr/lib/gcc/avr/4.5.3/avr4/libgcc.a(_mul_sf.o)
                                                  /usr/lib/gcc/avr/4.5.3/avr4/libgcc.a(_addsub_sf.o)
__stack                                           /usr/lib/gcc/avr/4.5.3/../../../avr/lib/avr4/crtm8.o
__subsf3                                          /usr/lib/gcc/avr/4.5.3/avr4/libgcc.a(_addsub_sf.o)
                                                  /usr/lib/gcc/avr/4.5.3/avr4/libgcc.a(_fixunssfsi.o)
__thenan_sf                                       /usr/lib/gcc/avr/4.5.3/avr4/libgcc.a(_thenan_sf.o)
                                                  /usr/lib/gcc/avr/4.5.3/avr4/libgcc.a(_mul_sf.o)
                                                  /usr/lib/gcc/avr/4.5.3/avr4/libgcc.a(_addsub_sf.o)
__udivmodhi4                                      /usr/lib/gcc/avr/4.5.3/avr4/libgcc.a(_udivmodhi4.o)
                                                  /usr/lib/gcc/avr/4.5.3/avr4/libgcc.a(_divmodhi4.o)
                                                  obj/Debug/src/main.o
__unpack_f                                        /usr/lib/gcc/avr/4.5.3/avr4/libgcc.a(_unpack_sf.o)
                                                  /usr/lib/gcc/avr/4.5.3/avr4/libgcc.a(_sf_to_si.o)
                                                  /usr/lib/gcc/avr/4.5.3/avr4/libgcc.a(_lt_sf.o)
                                                  /usr/lib/gcc/avr/4.5.3/avr4/libgcc.a(_ge_sf.o)
                                                  /usr/lib/gcc/avr/4.5.3/avr4/libgcc.a(_gt_sf.o)
                                                  /usr/lib/gcc/avr/4.5.3/avr4/libgcc.a(_mul_sf.o)
                                                  /usr/lib/gcc/avr/4.5.3/avr4/libgcc.a(_addsub_sf.o)
__vector_1                                        obj/Debug/usbdrv/usbdrvasm.o
                                                  obj/Debug/usbdrv/usbdrvasm.o
                                                  /usr/lib/gcc/avr/4.5.3/../../../avr/lib/avr4/crtm8.o
__vector_10                                       /usr/lib/gcc/avr/4.5.3/../../../avr/lib/avr4/crtm8.o
__vector_11                                       /usr/lib/gcc/avr/4.5.3/../../../avr/lib/avr4/crtm8.o
__vector_12                                       /usr/lib/gcc/avr/4.5.3/../../../avr/lib/avr4/crtm8.o
__vector_13                                       /usr/lib/gcc/avr/4.5.3/../../../avr/lib/avr4/crtm8.o
__vector_14                                       obj/Debug/src/main.o
                                                  /usr/lib/gcc/avr/4.5.3/../../../avr/lib/avr4/crtm8.o
__vector_15                                       /usr/lib/gcc/avr/4.5.3/../../../avr/lib/avr4/crtm8.o
__vector_16                                       /usr/lib/gcc/avr/4.5.3/../../../avr/lib/avr4/crtm8.o
__vector_17                                       /usr/lib/gcc/avr/4.5.3/../../../avr/lib/avr4/crtm8.o
__vector_18                                       /usr/lib/gcc/avr/4.5.3/../../../avr/lib/avr4/crtm8.o
__vector_2                                        /usr/lib/gcc/avr/4.5.3/../../../avr/lib/avr4/crtm8.o
__vector_3                                        /usr/lib/gcc/avr/4.5.3/../../../avr/lib/avr4/crtm8.o
__vector_4                                        /usr/lib/gcc/avr/4.5.3/../../../avr/lib/avr4/crtm8.o
__vector_5                                        /usr/lib/gcc/avr/4.5.3/../../../avr/lib/avr4/crtm8.o
__vector_6                                        obj/Debug/src/main.o
                                                  /usr/lib/gcc/avr/4.5.3/../../../avr/lib/avr4/crtm8.o
__vector_7                                        /usr/lib/gcc/avr/4.5.3/../../../avr/lib/avr4/crtm8.o
__vector_8                                        /usr/lib/gcc/avr/4.5.3/../../../avr/lib/avr4/crtm8.o
__vector_9                                        /usr/lib/gcc/avr/4.5.3/../../../avr/lib/avr4/crtm8.o
__vector_default                                  /usr/lib/gcc/avr/4.5.3/../../../avr/lib/avr4/crtm8.o
__vectors                                         /usr/lib/gcc/avr/4.5.3/../../../avr/lib/avr4/crtm8.o
_div                                              /usr/lib/gcc/avr/4.5.3/avr4/libgcc.a(_divmodhi4.o)
_exit                                             /usr/lib/gcc/avr/4.5.3/avr4/libgcc.a(_exit.o)
exit                                              /usr/lib/gcc/avr/4.5.3/avr4/libgcc.a(_exit.o)
                                                  /usr/lib/gcc/avr/4.5.3/../../../avr/lib/avr4/crtm8.o
g_accum                                           obj/Debug/src/main.o
g_accumCnt                                        obj/Debug/src/main.o
g_buffer                                          obj/Debug/src/main.o
g_cnt                                             obj/Debug/src/main.o
g_from                                            obj/Debug/src/main.o
g_timeout                                         obj/Debug/src/main.o
g_to                                              obj/Debug/src/main.o
initAdc                                           obj/Debug/src/main.o
initTimer                                         obj/Debug/src/main.o
main                                              obj/Debug/src/main.o
                                                  /usr/lib/gcc/avr/4.5.3/../../../avr/lib/avr4/crtm8.o
queryBuffer                                       obj/Debug/src/main.o
setLed                                            obj/Debug/src/main.o
setTimer                                          obj/Debug/src/main.o
usbConfiguration                                  obj/Debug/usbdrv/usbdrv.o
usbCrc16                                          obj/Debug/usbdrv/usbdrvasm.o
                                                  obj/Debug/usbdrv/usbdrvasm.o
usbCrc16Append                                    obj/Debug/usbdrv/usbdrvasm.o
                                                  obj/Debug/usbdrv/usbdrvasm.o
                                                  obj/Debug/usbdrv/usbdrv.o
usbCurrentTok                                     obj/Debug/usbdrv/usbdrvasm.o
                                                  obj/Debug/usbdrv/usbdrvasm.o
                                                  obj/Debug/usbdrv/usbdrv.o
usbDescriptorConfiguration                        obj/Debug/usbdrv/usbdrv.o
usbDescriptorDevice                               obj/Debug/usbdrv/usbdrv.o
usbDescriptorString0                              obj/Debug/usbdrv/usbdrv.o
usbDescriptorStringDevice                         obj/Debug/usbdrv/usbdrv.o
usbDescriptorStringVendor                         obj/Debug/usbdrv/usbdrv.o
usbDeviceAddr                                     obj/Debug/usbdrv/usbdrvasm.o
                                                  obj/Debug/usbdrv/usbdrvasm.o
                                                  obj/Debug/usbdrv/usbdrv.o
usbFunctionSetup                                  obj/Debug/src/main.o
                                                  obj/Debug/usbdrv/usbdrv.o
usbInit                                           obj/Debug/usbdrv/usbdrv.o
                                                  obj/Debug/src/main.o
usbInputBufOffset                                 obj/Debug/usbdrv/usbdrvasm.o
                                                  obj/Debug/usbdrv/usbdrvasm.o
                                                  obj/Debug/usbdrv/usbdrv.o
usbMsgPtr                                         obj/Debug/usbdrv/usbdrv.o
                                                  obj/Debug/src/main.o
usbNewDeviceAddr                                  obj/Debug/usbdrv/usbdrvasm.o
                                                  obj/Debug/usbdrv/usbdrvasm.o
                                                  obj/Debug/usbdrv/usbdrv.o
usbPoll                                           obj/Debug/usbdrv/usbdrv.o
                                                  obj/Debug/src/main.o
usbRxBuf                                          obj/Debug/usbdrv/usbdrvasm.o
                                                  obj/Debug/usbdrv/usbdrvasm.o
                                                  obj/Debug/usbdrv/usbdrv.o
usbRxLen                                          obj/Debug/usbdrv/usbdrvasm.o
                                                  obj/Debug/usbdrv/usbdrvasm.o
                                                  obj/Debug/usbdrv/usbdrv.o
usbRxToken                                        obj/Debug/usbdrv/usbdrvasm.o
                                                  obj/Debug/usbdrv/usbdrvasm.o
                                                  obj/Debug/usbdrv/usbdrv.o
usbTxBuf                                          obj/Debug/usbdrv/usbdrvasm.o
                                                  obj/Debug/usbdrv/usbdrvasm.o
                                                  obj/Debug/usbdrv/usbdrv.o
usbTxLen                                          obj/Debug/usbdrv/usbdrv.o
                                                  obj/Debug/usbdrv/usbdrvasm.o
                                                  obj/Debug/usbdrv/usbdrvasm.o
